Godot Engine v4.7.stable.official.5b4e0cb0f - https://godotengine.org
Metal 4.0 - Forward Mobile - Using Device #0: Apple - Apple M4 Pro (Apple9)

WARNING: Loaded resource as image file, this will not work on export: 'res://data/island_map.png'. Instead, import the image file as an Image resource and load it normally as a resource.
     at: load (core/io/image.cpp:2770)
     GDScript backtrace (most recent call first):
         [0] _load_map (res://world/terrain/terrain.gd:95)
         [1] _init (res://world/terrain/terrain.gd:85)
         [2] build_terrain (res://world/island/island.gd:258)
         [3] generate (res://world/island/island.gd:210)
         [4] setup (res://world/world_manager.gd:32)
         [5] _boot_world (res://core/app/game.gd:84)
         [6] _ready (res://core/app/game.gd:63)
WARNING: instance_reset_physics_interpolation() is deprecated.
     at: _instance_reset_physics_interpolation_bind_compat_104269 (servers/rendering/rendering_server.compat.inc:62)
     GDScript backtrace (most recent call first):
         [0] _build_terrain3d (res://world/terrain/terrain.gd:657)
         [1] build (res://world/terrain/terrain.gd:504)
         [2] build_terrain (res://world/island/island.gd:269)
         [3] generate (res://world/island/island.gd:210)
         [4] setup (res://world/world_manager.gd:32)
         [5] _boot_world (res://core/app/game.gd:84)
         [6] _ready (res://core/app/game.gd:63)
[terrain] build stages ms: { "heightfield": 1093, "t3d_setup": 1628, "t3d_maps": 1111, "crest_n": 1870, "foot_n": 2348, "t3d_import": 34 }
WARNING: Loaded resource as image file, this will not work on export: 'res://data/sea_depth.png'. Instead, import the image file as an Image resource and load it normally as a resource.
     at: load (core/io/image.cpp:2770)
     GDScript backtrace (most recent call first):
         [0] _build_sea (res://world/kit/world_kit.gd:282)
         [1] generate (res://world/island/island.gd:211)
         [2] setup (res://world/world_manager.gd:32)
         [3] _boot_world (res://core/app/game.gd:84)
         [4] _ready (res://core/app/game.gd:63)
[town] pedestrian courtyard centres [(300.0, -245.0)]
[world] 25 km terrain, north viaduct 360 navigation samples
[life] 108 animals and birds, 2 sailing boats
[life] 64 residents, 3642 road nodes, seven-day routines
[game] world generated in 7601 ms (7053 recipes in 396 chunks); tree 9050 nodes
ERROR: Index p_mipmap = 1 is out of bounds (named_texture.format.mipmaps = 1).
   at: get_texture_slice_view (servers/rendering/renderer_rd/storage_rd/render_scene_buffers_rd.cpp:441)
[game] package collected at t=0.5
BENCHMARK {"actors":8,"average_fps":111.392562986925,"dressing":{"instances":0,"max_instances":63000,"max_tiles":25,"pending":0,"tiles":25},"focused_frames":300,"max_frame_ms":10.7,"mean_draw_calls":3128.90666666667,"mean_visible_objects":3649.6,"median_frame_ms":8.932,"node_count":11351.0,"p95_frame_ms":9.757,"p99_frame_ms":10.441,"sample_wall_ms":2693.178,"scene":"village","static_memory_mib":314.311735153198,"video_memory_mib":400.5625}
BENCHMARK {"actors":0,"average_fps":120.390401995591,"dressing":{"instances":34567,"max_instances":63000,"max_tiles":25,"pending":0,"tiles":25},"focused_frames":300,"max_frame_ms":10.58,"mean_draw_calls":257.993333333333,"mean_visible_objects":739.266666666667,"median_frame_ms":8.312,"node_count":2405.0,"p95_frame_ms":9.088,"p99_frame_ms":9.777,"sample_wall_ms":2491.893,"scene":"wilderness","static_memory_mib":272.445638656616,"video_memory_mib":392.78125}
BENCHMARK {"actors":0,"average_fps":119.998128029203,"dressing":{"instances":55510,"max_instances":63000,"max_tiles":25,"pending":0,"tiles":25},"focused_frames":300,"max_frame_ms":9.882,"mean_draw_calls":341.373333333333,"mean_visible_objects":771.453333333333,"median_frame_ms":8.34,"node_count":2407.0,"p95_frame_ms":9.102,"p99_frame_ms":9.715,"sample_wall_ms":2500.039,"scene":"dense_meadow","static_memory_mib":277.58878326416,"video_memory_mib":393.84375}
