Godot Engine v4.7.stable.official.5b4e0cb0f - https://godotengine.org
Vulkan 1.2.334 - Forward+ - Using Device #0: Apple - Apple M4 Pro

WARNING: Loaded resource as image file, this will not work on export: 'res://data/island_map.png'. Instead, import the image file as an Image resource and load it normally as a resource.
     at: load (core/io/image.cpp:2770)
     GDScript backtrace (most recent call first):
         [0] _load_map (res://world/terrain/terrain.gd:95)
         [1] _init (res://world/terrain/terrain.gd:85)
         [2] build_terrain (res://world/island/island.gd:258)
         [3] generate (res://world/island/island.gd:210)
         [4] setup (res://world/world_manager.gd:32)
         [5] _boot_world (res://core/app/game.gd:84)
         [6] _ready (res://core/app/game.gd:63)
WARNING: instance_reset_physics_interpolation() is deprecated.
     at: _instance_reset_physics_interpolation_bind_compat_104269 (servers/rendering/rendering_server.compat.inc:62)
     GDScript backtrace (most recent call first):
         [0] _build_terrain3d (res://world/terrain/terrain.gd:657)
         [1] build (res://world/terrain/terrain.gd:504)
         [2] build_terrain (res://world/island/island.gd:269)
         [3] generate (res://world/island/island.gd:210)
         [4] setup (res://world/world_manager.gd:32)
         [5] _boot_world (res://core/app/game.gd:84)
         [6] _ready (res://core/app/game.gd:63)
[terrain] build stages ms: { "heightfield": 1014, "t3d_setup": 301, "t3d_maps": 1097, "crest_n": 1870, "foot_n": 2348, "t3d_import": 34 }
WARNING: Loaded resource as image file, this will not work on export: 'res://data/sea_depth.png'. Instead, import the image file as an Image resource and load it normally as a resource.
     at: load (core/io/image.cpp:2770)
     GDScript backtrace (most recent call first):
         [0] _build_sea (res://world/kit/world_kit.gd:282)
         [1] generate (res://world/island/island.gd:211)
         [2] setup (res://world/world_manager.gd:32)
         [3] _boot_world (res://core/app/game.gd:84)
         [4] _ready (res://core/app/game.gd:63)
[town] pedestrian courtyard centres [(300.0, -245.0)]
[world] 25 km terrain, north viaduct 360 navigation samples
[life] 108 animals and birds, 2 sailing boats
[life] 64 residents, 3642 road nodes, seven-day routines
[game] world generated in 4691 ms (7053 recipes in 396 chunks); tree 9184 nodes
[game] package collected at t=0.5
BENCHMARK {"actors":8,"average_fps":47.1586074440491,"dressing":{"instances":0,"max_instances":63000,"max_tiles":25,"pending":0,"tiles":25},"focused_frames":0,"max_frame_ms":30.546,"mean_draw_calls":3902.17666666667,"mean_visible_objects":5136.89333333333,"median_frame_ms":20.384,"node_count":11485.0,"p95_frame_ms":28.172,"p99_frame_ms":30.416,"sample_wall_ms":6361.511,"scene":"village","static_memory_mib":360.165033340454,"video_memory_mib":425.273742675781}
WARNING: 7 ObjectDB instances were leaked at exit (run with `--verbose` for details).
   at: cleanup (core/object/object.cpp:2535)
ERROR: 3 resources still in use at exit (run with --verbose for details).
   at: clear (core/io/resource.cpp:822)
