Godot Engine v4.7.stable.official.5b4e0cb0f - https://godotengine.org
Vulkan 1.2.334 - Forward+ - Using Device #0: Apple - Apple M4 Pro

WARNING: Loaded resource as image file, this will not work on export: 'res://data/island_map.png'. Instead, import the image file as an Image resource and load it normally as a resource.
     at: load (core/io/image.cpp:2770)
     GDScript backtrace (most recent call first):
         [0] _load_map (res://world/terrain/terrain.gd:95)
         [1] _init (res://world/terrain/terrain.gd:85)
         [2] build_terrain (res://world/island/island.gd:258)
         [3] generate (res://world/island/island.gd:210)
         [4] setup (res://world/world_manager.gd:32)
         [5] _boot_world (res://core/app/game.gd:84)
         [6] _ready (res://core/app/game.gd:63)
WARNING: instance_reset_physics_interpolation() is deprecated.
     at: _instance_reset_physics_interpolation_bind_compat_104269 (servers/rendering/rendering_server.compat.inc:62)
     GDScript backtrace (most recent call first):
         [0] _build_terrain3d (res://world/terrain/terrain.gd:657)
         [1] build (res://world/terrain/terrain.gd:504)
         [2] build_terrain (res://world/island/island.gd:269)
         [3] generate (res://world/island/island.gd:210)
         [4] setup (res://world/world_manager.gd:32)
         [5] _boot_world (res://core/app/game.gd:84)
         [6] _ready (res://core/app/game.gd:63)
[terrain] build stages ms: { "heightfield": 982, "t3d_setup": 292, "t3d_maps": 1056, "crest_n": 1870, "foot_n": 2348, "t3d_import": 32 }
WARNING: Loaded resource as image file, this will not work on export: 'res://data/sea_depth.png'. Instead, import the image file as an Image resource and load it normally as a resource.
     at: load (core/io/image.cpp:2770)
     GDScript backtrace (most recent call first):
         [0] _build_sea (res://world/kit/world_kit.gd:282)
         [1] generate (res://world/island/island.gd:211)
         [2] setup (res://world/world_manager.gd:32)
         [3] _boot_world (res://core/app/game.gd:84)
         [4] _ready (res://core/app/game.gd:63)
[town] pedestrian courtyard centres [(300.0, -245.0)]
[world] 25 km terrain, north viaduct 360 navigation samples
[life] 108 animals and birds, 2 sailing boats
[life] 64 residents, 3642 road nodes, seven-day routines
[game] world generated in 4421 ms (7053 recipes in 396 chunks); tree 9184 nodes
[game] package collected at t=0.5
BENCHMARK {"actors":8,"average_fps":49.9959836559796,"dressing":{"instances":0,"max_instances":63000,"max_tiles":25,"pending":0,"tiles":25},"focused_frames":0,"max_frame_ms":29.638,"mean_draw_calls":3904.23,"mean_visible_objects":5139.44,"median_frame_ms":18.288,"node_count":11485.0,"p95_frame_ms":28.285,"p99_frame_ms":29.618,"sample_wall_ms":6000.482,"scene":"village","static_memory_mib":360.651123046875,"video_memory_mib":423.066497802734}
BENCHMARK {"actors":0,"average_fps":217.283292508217,"dressing":{"instances":34567,"max_instances":63000,"max_tiles":25,"pending":0,"tiles":25},"focused_frames":0,"max_frame_ms":6.036,"mean_draw_calls":393.0,"mean_visible_objects":885.0,"median_frame_ms":4.673,"node_count":2417.0,"p95_frame_ms":5.477,"p99_frame_ms":5.903,"sample_wall_ms":1380.686,"scene":"wilderness","static_memory_mib":310.280116081238,"video_memory_mib":415.360961914062}
BENCHMARK {"actors":0,"average_fps":164.9092834032,"dressing":{"instances":55510,"max_instances":63000,"max_tiles":25,"pending":0,"tiles":25},"focused_frames":0,"max_frame_ms":7.447,"mean_draw_calls":487.403333333333,"mean_visible_objects":929.403333333333,"median_frame_ms":6.076,"node_count":2419.0,"p95_frame_ms":6.838,"p99_frame_ms":7.123,"sample_wall_ms":1819.182,"scene":"dense_meadow","static_memory_mib":315.456795692444,"video_memory_mib":416.639221191406}
WARNING: 7 ObjectDB instances were leaked at exit (run with `--verbose` for details).
   at: cleanup (core/object/object.cpp:2535)
ERROR: 3 resources still in use at exit (run with --verbose for details).
   at: clear (core/io/resource.cpp:822)
