Godot Engine v4.7.stable.official.5b4e0cb0f - https://godotengine.org
Metal 4.0 - Forward+ - Using Device #0: Apple - Apple M4 Pro (Apple9)

WARNING: Loaded resource as image file, this will not work on export: 'res://data/island_map.png'. Instead, import the image file as an Image resource and load it normally as a resource.
     at: load (core/io/image.cpp:2770)
     GDScript backtrace (most recent call first):
         [0] _load_map (res://world/terrain/terrain.gd:95)
         [1] _init (res://world/terrain/terrain.gd:85)
         [2] build_terrain (res://world/island/island.gd:258)
         [3] generate (res://world/island/island.gd:210)
         [4] setup (res://world/world_manager.gd:32)
         [5] _boot_world (res://core/app/game.gd:84)
         [6] _ready (res://core/app/game.gd:63)
WARNING: instance_reset_physics_interpolation() is deprecated.
     at: _instance_reset_physics_interpolation_bind_compat_104269 (servers/rendering/rendering_server.compat.inc:62)
     GDScript backtrace (most recent call first):
         [0] _build_terrain3d (res://world/terrain/terrain.gd:657)
         [1] build (res://world/terrain/terrain.gd:504)
         [2] build_terrain (res://world/island/island.gd:269)
         [3] generate (res://world/island/island.gd:210)
         [4] setup (res://world/world_manager.gd:32)
         [5] _boot_world (res://core/app/game.gd:84)
         [6] _ready (res://core/app/game.gd:63)
[terrain] build stages ms: { "heightfield": 1032, "t3d_setup": 318, "t3d_maps": 1109, "crest_n": 1870, "foot_n": 2348, "t3d_import": 33 }
WARNING: Loaded resource as image file, this will not work on export: 'res://data/sea_depth.png'. Instead, import the image file as an Image resource and load it normally as a resource.
     at: load (core/io/image.cpp:2770)
     GDScript backtrace (most recent call first):
         [0] _build_sea (res://world/kit/world_kit.gd:282)
         [1] generate (res://world/island/island.gd:211)
         [2] setup (res://world/world_manager.gd:32)
         [3] _boot_world (res://core/app/game.gd:84)
         [4] _ready (res://core/app/game.gd:63)
[town] pedestrian courtyard centres [(300.0, -245.0)]
[world] 25 km terrain, north viaduct 360 navigation samples
[life] 108 animals and birds, 2 sailing boats
[life] 64 residents, 3642 road nodes, seven-day routines
[game] world generated in 4464 ms (7053 recipes in 396 chunks); tree 9049 nodes
