Godot Engine v4.7.stable.official.5b4e0cb0f - https://godotengine.org
Vulkan 1.2.334 - Forward+ - Using Device #0: Apple - Apple M4 Pro

WARNING: Loaded resource as image file, this will not work on export: 'res://data/island_map.png'. Instead, import the image file as an Image resource and load it normally as a resource.
     at: load (core/io/image.cpp:2770)
     GDScript backtrace (most recent call first):
         [0] _load_map (res://world/terrain/terrain.gd:95)
         [1] _init (res://world/terrain/terrain.gd:85)
         [2] build_terrain (res://world/island/island.gd:258)
         [3] generate (res://world/island/island.gd:210)
         [4] setup (res://world/world_manager.gd:32)
         [5] _boot_world (res://core/app/game.gd:84)
         [6] _ready (res://core/app/game.gd:63)
WARNING: instance_reset_physics_interpolation() is deprecated.
     at: _instance_reset_physics_interpolation_bind_compat_104269 (servers/rendering/rendering_server.compat.inc:62)
     GDScript backtrace (most recent call first):
         [0] _build_terrain3d (res://world/terrain/terrain.gd:657)
         [1] build (res://world/terrain/terrain.gd:504)
         [2] build_terrain (res://world/island/island.gd:269)
         [3] generate (res://world/island/island.gd:210)
         [4] setup (res://world/world_manager.gd:32)
         [5] _boot_world (res://core/app/game.gd:84)
         [6] _ready (res://core/app/game.gd:63)
[terrain] build stages ms: { "heightfield": 962, "t3d_setup": 292, "t3d_maps": 1026, "crest_n": 1870, "foot_n": 2348, "t3d_import": 31 }
WARNING: Loaded resource as image file, this will not work on export: 'res://data/sea_depth.png'. Instead, import the image file as an Image resource and load it normally as a resource.
     at: load (core/io/image.cpp:2770)
     GDScript backtrace (most recent call first):
         [0] _build_sea (res://world/kit/world_kit.gd:282)
         [1] generate (res://world/island/island.gd:211)
         [2] setup (res://world/world_manager.gd:32)
         [3] _boot_world (res://core/app/game.gd:84)
         [4] _ready (res://core/app/game.gd:63)
[town] pedestrian courtyard centres [(300.0, -245.0)]
[world] 25 km terrain, north viaduct 360 navigation samples
[life] 108 animals and birds, 2 sailing boats
[life] 64 residents, 3642 road nodes, seven-day routines
[game] world generated in 4438 ms (7053 recipes in 396 chunks); tree 9184 nodes
TRAVERSAL {"adapter":"Apple M4 Pro","average_fps":70.9550646306032,"displacement_m":234.142623901367,"final_speed":2.04818730700262,"frames":1800,"max_ms":29.828,"median_ms":13.921,"p95_ms":19.664,"p99_ms":26.61,"renderer":"forward_plus","stalls":[],"streaming":{"build_ms":349,"focus":"(-8, -3)","last_build_ms":0.004,"loaded":53,"max_build_ms":8.785,"max_recipe_ms":13.113,"pending":0,"total":396,"total_build_ms":375.392,"worst_recipe":"(-326.0, 3.0)","worst_recipe_attribution":{"collision_ms":0.0,"disk_load_ms":0.0,"mesh_bake_ms":0.0}}}
WARNING: 7 ObjectDB instances were leaked at exit (run with `--verbose` for details).
   at: cleanup (core/object/object.cpp:2535)
ERROR: 3 resources still in use at exit (run with --verbose for details).
   at: clear (core/io/resource.cpp:822)
