Godot Engine v4.7.stable.official.5b4e0cb0f - https://godotengine.org
OpenGL API 4.1 Metal - 90.5 - Compatibility - Using Device: Apple - Apple M4 Pro

WARNING: Loaded resource as image file, this will not work on export: 'res://data/island_map.png'. Instead, import the image file as an Image resource and load it normally as a resource.
     at: load (core/io/image.cpp:2770)
     GDScript backtrace (most recent call first):
         [0] _load_map (res://world/terrain/terrain.gd:95)
         [1] _init (res://world/terrain/terrain.gd:85)
         [2] build_terrain (res://world/island/island.gd:258)
         [3] generate (res://world/island/island.gd:210)
         [4] setup (res://world/world_manager.gd:32)
         [5] _boot_world (res://core/app/game.gd:84)
         [6] _ready (res://core/app/game.gd:63)
WARNING: instance_reset_physics_interpolation() is deprecated.
     at: _instance_reset_physics_interpolation_bind_compat_104269 (servers/rendering/rendering_server.compat.inc:62)
     GDScript backtrace (most recent call first):
         [0] _build_terrain3d (res://world/terrain/terrain.gd:657)
         [1] build (res://world/terrain/terrain.gd:504)
         [2] build_terrain (res://world/island/island.gd:269)
         [3] generate (res://world/island/island.gd:210)
         [4] setup (res://world/world_manager.gd:32)
         [5] _boot_world (res://core/app/game.gd:84)
         [6] _ready (res://core/app/game.gd:63)
[terrain] build stages ms: { "heightfield": 1023, "t3d_setup": 241, "t3d_maps": 1084, "crest_n": 1870, "foot_n": 2348, "t3d_import": 34 }
WARNING: Loaded resource as image file, this will not work on export: 'res://data/sea_depth.png'. Instead, import the image file as an Image resource and load it normally as a resource.
     at: load (core/io/image.cpp:2770)
     GDScript backtrace (most recent call first):
         [0] _build_sea (res://world/kit/world_kit.gd:282)
         [1] generate (res://world/island/island.gd:211)
         [2] setup (res://world/world_manager.gd:32)
         [3] _boot_world (res://core/app/game.gd:84)
         [4] _ready (res://core/app/game.gd:63)
[town] pedestrian courtyard centres [(300.0, -245.0)]
[world] 25 km terrain, north viaduct 360 navigation samples
[life] 108 animals and birds, 2 sailing boats
[life] 64 residents, 3642 road nodes, seven-day routines
[game] world generated in 4212 ms (7053 recipes in 396 chunks); tree 9050 nodes
BENCHMARK {"actors":8,"average_fps":37.8224744168783,"dressing":{"instances":0,"max_instances":63000,"max_tiles":25,"pending":0,"tiles":25},"focused_frames":300,"max_frame_ms":56.561,"mean_draw_calls":4593.28666666667,"mean_visible_objects":5000.46666666667,"median_frame_ms":26.073,"node_count":11351.0,"p95_frame_ms":28.672,"p99_frame_ms":39.369,"sample_wall_ms":7931.792,"scene":"village","static_memory_mib":282.159958839417,"video_memory_mib":291.434093475342}
BENCHMARK {"actors":0,"average_fps":182.915787400639,"dressing":{"instances":34567,"max_instances":63000,"max_tiles":25,"pending":0,"tiles":25},"focused_frames":300,"max_frame_ms":17.596,"mean_draw_calls":383.786666666667,"mean_visible_objects":771.6,"median_frame_ms":5.244,"node_count":2405.0,"p95_frame_ms":7.0,"p99_frame_ms":8.195,"sample_wall_ms":1640.099,"scene":"wilderness","static_memory_mib":244.698391914368,"video_memory_mib":282.721738815308}
BENCHMARK {"actors":0,"average_fps":161.650995500714,"dressing":{"instances":55510,"max_instances":63000,"max_tiles":25,"pending":0,"tiles":25},"focused_frames":300,"max_frame_ms":12.183,"mean_draw_calls":481.426666666667,"mean_visible_objects":751.426666666667,"median_frame_ms":6.042,"node_count":2407.0,"p95_frame_ms":7.289,"p99_frame_ms":9.43,"sample_wall_ms":1855.85,"scene":"dense_meadow","static_memory_mib":249.784185409546,"video_memory_mib":283.999998092651}
