Godot Engine v4.7.stable.official.5b4e0cb0f - https://godotengine.org
Vulkan 1.2.334 - Forward+ - Using Device #0: Apple - Apple M4 Pro

WARNING: Loaded resource as image file, this will not work on export: 'res://data/island_map.png'. Instead, import the image file as an Image resource and load it normally as a resource.
     at: load (core/io/image.cpp:2770)
     GDScript backtrace (most recent call first):
         [0] _load_map (res://world/terrain/terrain.gd:95)
         [1] _init (res://world/terrain/terrain.gd:85)
         [2] build_terrain (res://world/island/island.gd:258)
         [3] generate (res://world/island/island.gd:210)
         [4] setup (res://world/world_manager.gd:32)
         [5] _boot_world (res://core/app/game.gd:84)
         [6] _ready (res://core/app/game.gd:63)
WARNING: instance_reset_physics_interpolation() is deprecated.
     at: _instance_reset_physics_interpolation_bind_compat_104269 (servers/rendering/rendering_server.compat.inc:62)
     GDScript backtrace (most recent call first):
         [0] _build_terrain3d (res://world/terrain/terrain.gd:657)
         [1] build (res://world/terrain/terrain.gd:504)
         [2] build_terrain (res://world/island/island.gd:269)
         [3] generate (res://world/island/island.gd:210)
         [4] setup (res://world/world_manager.gd:32)
         [5] _boot_world (res://core/app/game.gd:84)
         [6] _ready (res://core/app/game.gd:63)
[terrain] build stages ms: { "heightfield": 1025, "t3d_setup": 301, "t3d_maps": 1093, "crest_n": 1870, "foot_n": 2348, "t3d_import": 35 }
WARNING: Loaded resource as image file, this will not work on export: 'res://data/sea_depth.png'. Instead, import the image file as an Image resource and load it normally as a resource.
     at: load (core/io/image.cpp:2770)
     GDScript backtrace (most recent call first):
         [0] _build_sea (res://world/kit/world_kit.gd:282)
         [1] generate (res://world/island/island.gd:211)
         [2] setup (res://world/world_manager.gd:32)
         [3] _boot_world (res://core/app/game.gd:84)
         [4] _ready (res://core/app/game.gd:63)
[town] pedestrian courtyard centres [(300.0, -245.0)]
[world] 25 km terrain, north viaduct 360 navigation samples
[life] 108 animals and birds, 2 sailing boats
[life] 64 residents, 3642 road nodes, seven-day routines
[game] world generated in 4719 ms (7053 recipes in 396 chunks); tree 9184 nodes
BENCHMARK {"actors":2,"average_fps":149.930132558228,"dressing":{"instances":0,"max_instances":63000,"max_tiles":25,"pending":0,"tiles":25},"focused_frames":300,"max_frame_ms":29.009,"mean_draw_calls":3493.70333333333,"mean_visible_objects":5863.19,"median_frame_ms":6.2,"node_count":11672.0,"p95_frame_ms":9.205,"p99_frame_ms":17.634,"sample_wall_ms":2000.932,"scene":"harbour","static_memory_mib":351.825897216797,"video_memory_mib":429.8046875}
BENCHMARK {"actors":0,"average_fps":68.3872441376744,"dressing":{"instances":6255,"max_instances":63000,"max_tiles":25,"pending":0,"tiles":25},"focused_frames":300,"max_frame_ms":16.664,"mean_draw_calls":2861.95333333333,"mean_visible_objects":4974.0,"median_frame_ms":14.645,"node_count":9835.0,"p95_frame_ms":15.693,"p99_frame_ms":16.462,"sample_wall_ms":4386.783,"scene":"coast","static_memory_mib":353.556143760681,"video_memory_mib":442.817016601562}
