Godot Engine v4.7.stable.official.5b4e0cb0f - https://godotengine.org

WARNING: Loaded resource as image file, this will not work on export: 'res://data/island_map.png'. Instead, import the image file as an Image resource and load it normally as a resource.
     at: load (core/io/image.cpp:2770)
     GDScript backtrace (most recent call first):
         [0] _load_map (res://world/terrain/terrain.gd:79)
         [1] _init (res://world/terrain/terrain.gd:69)
         [2] build_terrain (res://world/island/island.gd:129)
         [3] generate (res://world/island/island.gd:87)
         [4] setup (res://world/world_manager.gd:31)
         [5] _boot_world (res://core/app/game.gd:84)
         [6] _ready (res://core/app/game.gd:63)
WARNING: instance_reset_physics_interpolation() is deprecated.
     at: _instance_reset_physics_interpolation_bind_compat_104269 (servers/rendering/rendering_server.compat.inc:62)
     GDScript backtrace (most recent call first):
         [0] _build_terrain3d (res://world/terrain/terrain.gd:579)
         [1] build (res://world/terrain/terrain.gd:426)
         [2] build_terrain (res://world/island/island.gd:139)
         [3] generate (res://world/island/island.gd:87)
         [4] setup (res://world/world_manager.gd:31)
         [5] _boot_world (res://core/app/game.gd:84)
         [6] _ready (res://core/app/game.gd:63)
[terrain] build stages ms: { "heightfield": 1019, "t3d_setup": 151, "t3d_maps": 755, "t3d_import": 32, "ground_cover": 1127, "ground_cover_n": 271298 }
[town] pedestrian courtyard centres [(300.0, -245.0)]
[life] 108 animals and birds, 2 sailing boats
[life] 64 residents, 3421 road nodes, seven-day routines
[game] autopilot enabled (autotest=true shots=)
[game] world generated in 4252 ms (4585 recipes in 385 chunks); tree 7684 nodes
[autopilot] pos=(-303.2, 5.0, 2.5) speed=7.0 m/s target=Villa Rosa Office dist=13.2 grounded=true
[game] package collected at t=5.4
[autopilot] pos=(-311.9, 4.9, -2.0) speed=1.8 m/s target=Hilltop Farm dist=252.7 grounded=true
[autopilot] pos=(-295.2, 5.5, 3.4) speed=1.2 m/s target=Hilltop Farm dist=255.9 grounded=true
[autopilot] pos=(-276.6, 5.8, 2.8) speed=7.8 m/s target=Hilltop Farm dist=254.1 grounded=true
[autopilot] pos=(-221.6, 5.3, 2.5) speed=23.9 m/s target=Hilltop Farm dist=258.4 grounded=true
[autopilot] pos=(-155.7, 5.5, 18.4) speed=14.3 m/s target=Hilltop Farm dist=293.0 grounded=true
[autopilot] pos=(-169.3, 5.7, 14.0) speed=10.9 m/s target=Hilltop Farm dist=283.8 grounded=true
[autopilot] pos=(-163.5, 5.4, 4.9) speed=15.1 m/s target=Hilltop Farm dist=277.6 grounded=true
[autopilot] pos=(-122.4, 15.7, -37.6) speed=27.0 m/s target=Hilltop Farm dist=259.8 grounded=true
[autopilot] pos=(-85.8, 14.1, -106.2) speed=21.8 m/s target=Hilltop Farm dist=234.6 grounded=true
[autopilot] pos=(-102.6, 15.2, -110.8) speed=9.1 m/s target=Hilltop Farm dist=218.6 grounded=true
[autopilot] pos=(-90.5, 14.5, -117.5) speed=9.0 m/s target=Hilltop Farm dist=224.0 grounded=true
[autopilot] pos=(-118.7, 20.9, -128.2) speed=17.1 m/s target=Hilltop Farm dist=195.1 grounded=false
[autopilot] pos=(-160.9, 33.9, -177.1) speed=25.5 m/s target=Hilltop Farm dist=132.1 grounded=true
[autopilot] pos=(-195.5, 35.3, -204.8) speed=20.5 m/s target=Hilltop Farm dist=88.0 grounded=true
[autopilot] pos=(-252.3, 38.8, -252.4) speed=19.5 m/s target=Hilltop Farm dist=17.9 grounded=true
[autopilot] pos=(-267.4, 38.8, -254.4) speed=2.0 m/s target=Hilltop Farm dist=4.2 grounded=true
[game] DELIVERY COMPLETED #1 at t=51.4 (odometer 698 m)
[autopilot] pos=(-267.6, 38.8, -254.2) speed=0.0 m/s target=Hilltop Farm dist=3.9 grounded=true
[game] package collected at t=54.4
[autopilot] pos=(-258.8, 38.8, -255.8) speed=10.1 m/s target=Harbour Cafe dist=463.7 grounded=true
[autopilot] pos=(-243.3, 38.5, -247.2) speed=9.4 m/s target=Harbour Cafe dist=446.7 grounded=true
[autopilot] pos=(-195.9, 35.6, -207.7) speed=27.0 m/s target=Harbour Cafe dist=392.8 grounded=true
[autopilot] pos=(-136.1, 29.4, -154.1) speed=27.2 m/s target=Harbour Cafe dist=328.6 grounded=true
[autopilot] pos=(-81.8, 14.1, -95.8) speed=23.2 m/s target=Harbour Cafe dist=279.4 grounded=true
[autopilot] pos=(-69.0, 15.7, -109.4) speed=9.2 m/s target=Harbour Cafe dist=264.4 grounded=true
[autopilot] pos=(-84.4, 14.3, -110.4) speed=9.0 m/s target=Harbour Cafe dist=279.6 grounded=true
[autopilot] pos=(-64.9, 21.3, -115.7) speed=16.3 m/s target=Harbour Cafe dist=259.5 grounded=true
[autopilot] pos=(-37.5, 25.9, -165.7) speed=27.1 m/s target=Harbour Cafe dist=230.5 grounded=true
[autopilot] pos=(0.5, 16.4, -191.2) speed=10.8 m/s target=Harbour Cafe dist=196.5 grounded=true
[autopilot] pos=(61.2, 14.9, -194.3) speed=27.0 m/s target=Harbour Cafe dist=138.9 grounded=true
[autopilot] pos=(133.7, 9.6, -217.5) speed=19.1 m/s target=Harbour Cafe dist=90.2 grounded=true
[autopilot] pos=(138.4, 9.3, -211.9) speed=1.8 m/s target=Harbour Cafe dist=82.8 grounded=true
[autopilot] pos=(138.5, 9.3, -211.7) speed=2.4 m/s target=Harbour Cafe dist=82.7 grounded=true
[autopilot] pos=(138.6, 9.3, -211.4) speed=2.7 m/s target=Harbour Cafe dist=82.4 grounded=true
[autopilot] pos=(138.7, 9.3, -211.2) speed=1.4 m/s target=Harbour Cafe dist=82.1 grounded=true
[autopilot] wedged at (138.7004, 9.258245, -211.1507) -> reset to road
[autopilot] pos=(131.0, 9.5, -219.7) speed=6.1 m/s target=Harbour Cafe dist=93.6 grounded=true
[autopilot] pos=(140.3, 8.1, -176.7) speed=22.5 m/s target=Harbour Cafe dist=59.0 grounded=true
[autopilot] pos=(183.0, 9.2, -143.2) speed=6.0 m/s target=Harbour Cafe dist=11.2 grounded=true
[game] DELIVERY COMPLETED #2 at t=113.5 (odometer 1446 m)
[autopilot] pos=(189.4, 9.2, -146.7) speed=0.0 m/s target=Harbour Cafe dist=3.9 grounded=true
[game] package collected at t=116.5
[autopilot] pos=(189.9, 9.2, -147.7) speed=2.7 m/s target=Dunes Lookout dist=273.9 grounded=true
[autopilot] pos=(163.3, 9.2, -151.0) speed=17.1 m/s target=Dunes Lookout dist=276.3 grounded=true
[autopilot] pos=(124.9, 9.3, -206.1) speed=27.0 m/s target=Dunes Lookout dist=334.1 grounded=true
[autopilot] pos=(97.0, 13.3, -200.3) speed=20.2 m/s target=Dunes Lookout dist=333.2 grounded=true
[autopilot] pos=(22.3, 14.9, -191.4) speed=27.0 m/s target=Dunes Lookout dist=348.4 grounded=true
[autopilot] pos=(3.5, 14.1, -180.2) speed=12.2 m/s target=Dunes Lookout dist=346.9 grounded=true
[autopilot] pos=(22.5, 6.7, -156.5) speed=15.5 m/s target=Dunes Lookout dist=317.0 grounded=true
[autopilot] pos=(55.1, 13.8, -99.5) speed=27.0 m/s target=Dunes Lookout dist=251.4 grounded=true
[autopilot] pos=(61.5, 13.3, -43.9) speed=9.8 m/s target=Dunes Lookout dist=199.8 grounded=true
[autopilot] pos=(58.6, 12.3, -55.4) speed=4.7 m/s target=Dunes Lookout dist=211.0 grounded=true
[autopilot] pos=(38.6, 14.9, -18.5) speed=24.8 m/s target=Dunes Lookout dist=193.3 grounded=true
[autopilot] pos=(-9.8, 15.5, 33.1) speed=15.1 m/s target=Dunes Lookout dist=200.0 grounded=true
[autopilot] pos=(8.3, 16.5, 26.0) speed=17.6 m/s target=Dunes Lookout dist=187.8 grounded=true
[autopilot] pos=(32.9, 16.5, 22.7) speed=16.8 m/s target=Dunes Lookout dist=169.4 grounded=true
[autopilot] pos=(96.5, 18.5, 37.2) speed=27.0 m/s target=Dunes Lookout dist=113.3 grounded=true
[autopilot] pos=(164.7, 24.6, 71.3) speed=22.1 m/s target=Dunes Lookout dist=54.1 grounded=false
[autopilot] pos=(180.5, 19.3, 100.3) speed=12.4 m/s target=Dunes Lookout dist=28.1 grounded=true
[autopilot] pos=(177.7, 15.8, 105.9) speed=2.0 m/s target=Dunes Lookout dist=21.8 grounded=true
[autopilot] pos=(177.7, 15.8, 105.9) speed=2.5 m/s target=Dunes Lookout dist=21.8 grounded=true
[autopilot] pos=(177.7, 15.8, 105.9) speed=2.8 m/s target=Dunes Lookout dist=21.8 grounded=true
[autopilot] pos=(177.0, 15.5, 105.8) speed=2.9 m/s target=Dunes Lookout dist=21.6 grounded=true
[autopilot] pos=(171.0, 9.7, 115.5) speed=5.5 m/s target=Dunes Lookout dist=10.3 grounded=true
[game] DELIVERY COMPLETED #3 at t=182.4 (odometer 2299 m)
[autopilot] pos=(169.0, 8.7, 121.6) speed=0.0 m/s target=Dunes Lookout dist=3.9 grounded=true
[game] package collected at t=185.4
[autopilot] pos=(169.9, 8.7, 123.1) speed=3.6 m/s target=Lakeside Camp dist=115.8 grounded=true
[autopilot] pos=(179.5, 13.9, 111.6) speed=2.6 m/s target=Lakeside Camp dist=130.8 grounded=true
[autopilot] pos=(179.6, 14.0, 111.5) speed=3.7 m/s target=Lakeside Camp dist=130.9 grounded=true
[autopilot] pos=(179.6, 14.0, 111.5) speed=17.8 m/s target=Lakeside Camp dist=130.9 grounded=true
[autopilot] pos=(179.6, 14.0, 111.5) speed=25.2 m/s target=Lakeside Camp dist=130.9 grounded=true
[autopilot] wedged at (179.6016, 14.01021, 111.4525) -> reset to road
[autopilot] pos=(188.5, 19.7, 92.8) speed=3.7 m/s target=Lakeside Camp dist=150.6 grounded=true
[autopilot] pos=(154.2, 22.7, 67.1) speed=24.0 m/s target=Lakeside Camp dist=152.9 grounded=true
[autopilot] pos=(133.6, 8.8, 68.0) speed=1.3 m/s target=Lakeside Camp dist=144.4 grounded=false
[autopilot] pos=(134.3, 15.2, 70.6) speed=1.5 m/s target=Lakeside Camp dist=142.1 grounded=false
[autopilot] pos=(136.3, 17.1, 68.1) speed=5.0 m/s target=Lakeside Camp dist=145.1 grounded=true
[autopilot] pos=(138.7, 17.0, 68.9) speed=3.3 m/s target=Lakeside Camp dist=145.2 grounded=true
[autopilot] pos=(138.8, 17.0, 70.4) speed=1.1 m/s target=Lakeside Camp dist=143.9 grounded=true
[autopilot] pos=(132.7, 1.2, 68.5) speed=0.1 m/s target=Lakeside Camp dist=143.7 grounded=false
[autopilot] pos=(134.1, 13.1, 70.3) speed=0.5 m/s target=Lakeside Camp dist=142.4 grounded=false
[autopilot] no route progress at (133.0187, 3.098021, 68.91972) -> reset and replan
[autopilot] pos=(129.7, 20.1, 91.2) speed=18.3 m/s target=Lakeside Camp dist=121.2 grounded=true
[autopilot] pos=(84.3, 11.5, 150.8) speed=27.0 m/s target=Lakeside Camp dist=54.3 grounded=true
[autopilot] pos=(81.8, 1.8, 197.0) speed=5.6 m/s target=Lakeside Camp dist=10.2 grounded=true
[game] DELIVERY COMPLETED #4 at t=236.6 (odometer 2775 m)
[autopilot] pos=(85.7, 1.6, 201.9) speed=0.0 m/s target=Lakeside Camp dist=3.9 grounded=true
[game] package collected at t=239.6
[autopilot] pos=(87.4, 1.6, 202.2) speed=3.5 m/s target=Bodega San Marco dist=237.6 grounded=true
[autopilot] pos=(74.9, 6.3, 180.6) speed=14.3 m/s target=Bodega San Marco dist=255.3 grounded=false
[autopilot] pos=(98.9, 14.3, 132.5) speed=25.8 m/s target=Bodega San Marco dist=307.8 grounded=true
[autopilot] pos=(141.8, 17.1, 66.2) speed=27.0 m/s target=Bodega San Marco dist=383.7 grounded=true
[autopilot] pos=(138.6, 18.4, 56.6) speed=4.2 m/s target=Bodega San Marco dist=391.8 grounded=true
[autopilot] pos=(129.5, 12.3, 51.2) speed=2.2 m/s target=Bodega San Marco dist=394.3 grounded=true
[autopilot] pos=(129.5, 12.2, 51.2) speed=1.9 m/s target=Bodega San Marco dist=394.3 grounded=true
[autopilot] pos=(129.5, 12.2, 51.2) speed=1.9 m/s target=Bodega San Marco dist=394.3 grounded=true
[autopilot] pos=(129.5, 12.2, 51.2) speed=1.9 m/s target=Bodega San Marco dist=394.3 grounded=true
[autopilot] wedged at (129.5137, 12.24185, 51.24368) -> reset to road
[autopilot] pos=(129.8, 18.9, 49.4) speed=2.3 m/s target=Bodega San Marco dist=396.1 grounded=true
[autopilot] pos=(86.4, 17.5, 34.7) speed=25.7 m/s target=Bodega San Marco dist=400.8 grounded=true
[autopilot] pos=(33.3, 16.5, 22.1) speed=24.4 m/s target=Bodega San Marco dist=408.1 grounded=true
[autopilot] pos=(-25.4, 15.3, 33.9) speed=19.2 m/s target=Bodega San Marco dist=398.7 grounded=true
[autopilot] pos=(-76.5, 16.2, 85.1) speed=25.1 m/s target=Bodega San Marco dist=358.2 grounded=true
[autopilot] pos=(-86.2, 24.6, 159.9) speed=26.9 m/s target=Bodega San Marco dist=290.3 grounded=true
[autopilot] pos=(-48.4, 23.9, 228.8) speed=24.6 m/s target=Bodega San Marco dist=212.5 grounded=true
[autopilot] pos=(20.0, 16.6, 265.3) speed=27.3 m/s target=Bodega San Marco dist=164.7 grounded=true
[autopilot] pos=(85.6, 6.2, 292.6) speed=27.0 m/s target=Bodega San Marco dist=152.2 grounded=true
[autopilot] pos=(141.0, 5.7, 310.2) speed=10.9 m/s target=Bodega San Marco dist=170.2 grounded=true
[autopilot] pos=(117.1, 8.7, 301.6) speed=10.9 m/s target=Bodega San Marco dist=161.0 grounded=true
[autopilot] pos=(114.5, 11.1, 315.2) speed=8.9 m/s target=Bodega San Marco dist=148.6 grounded=true
[autopilot] pos=(106.6, 10.4, 361.3) speed=26.0 m/s target=Bodega San Marco dist=110.6 grounded=true
[autopilot] pos=(106.5, 8.6, 438.8) speed=20.0 m/s target=Bodega San Marco dist=86.9 grounded=true
[autopilot] pos=(96.2, 8.5, 443.0) speed=6.7 m/s target=Bodega San Marco dist=77.3 grounded=true
[autopilot] pos=(81.4, 7.5, 425.7) speed=15.8 m/s target=Bodega San Marco dist=61.6 grounded=true
[autopilot] pos=(29.8, 8.2, 428.7) speed=5.4 m/s target=Bodega San Marco dist=9.9 grounded=true
[game] DELIVERY COMPLETED #5 at t=317.7 (odometer 3912 m)
[autopilot] pos=(23.9, 8.2, 429.5) speed=0.0 m/s target=Bodega San Marco dist=3.9 grounded=true
[game] package collected at t=320.7
[autopilot] pos=(18.3, 8.2, 430.1) speed=10.3 m/s target=The Salinas dist=176.3 grounded=true
[autopilot] pos=(-36.9, 8.2, 441.1) speed=22.7 m/s target=The Salinas dist=121.3 grounded=true
[autopilot] pos=(-113.0, 10.4, 426.6) speed=27.0 m/s target=The Salinas dist=45.6 grounded=true
[autopilot] pos=(-153.3, 7.3, 431.7) speed=2.8 m/s target=The Salinas dist=5.2 grounded=true
[game] DELIVERY COMPLETED #6 at t=331.6 (odometer 4096 m)
[autopilot] pos=(-154.5, 7.3, 432.2) speed=0.0 m/s target=The Salinas dist=3.9 grounded=true
[game] package collected at t=334.6
[autopilot] pos=(-160.3, 7.3, 433.8) speed=7.0 m/s target=Cala Blanca dist=177.8 grounded=true
[autopilot] pos=(-176.1, 1.2, 453.1) speed=8.3 m/s target=Cala Blanca dist=162.4 grounded=true
[autopilot] pos=(-225.2, 4.9, 481.4) speed=24.8 m/s target=Cala Blanca dist=120.1 grounded=true
[autopilot] pos=(-301.4, 8.1, 468.5) speed=27.0 m/s target=Cala Blanca dist=46.4 grounded=true
[autopilot] pos=(-334.9, 4.6, 443.9) speed=2.9 m/s target=Cala Blanca dist=4.9 grounded=true
[game] DELIVERY COMPLETED #7 at t=349.7 (odometer 4311 m)
[autopilot] pos=(-335.6, 4.6, 443.0) speed=0.0 m/s target=Cala Blanca dist=3.9 grounded=true
[game] package collected at t=352.7
[autopilot] pos=(-352.6, 4.6, 429.1) speed=18.9 m/s target=Marble Quarry dist=859.4 grounded=true
[autopilot] pos=(-411.1, 4.5, 391.0) speed=21.7 m/s target=Marble Quarry dist=840.9 grounded=true
[autopilot] pos=(-435.3, 5.4, 317.3) speed=27.0 m/s target=Marble Quarry dist=781.4 grounded=true
[autopilot] pos=(-447.2, 14.2, 239.5) speed=27.0 m/s target=Marble Quarry dist=716.1 grounded=true
[autopilot] pos=(-442.4, 15.9, 158.8) speed=27.0 m/s target=Marble Quarry dist=642.8 grounded=true
[autopilot] pos=(-419.1, 5.8, 80.9) speed=27.0 m/s target=Marble Quarry dist=563.9 grounded=true
[autopilot] pos=(-366.6, 5.8, 29.5) speed=22.2 m/s target=Marble Quarry dist=492.9 grounded=true
[autopilot] pos=(-343.1, 4.9, 1.1) speed=5.6 m/s target=Marble Quarry dist=456.7 grounded=true
[autopilot] pos=(-290.8, 5.7, 2.2) speed=26.9 m/s target=Marble Quarry dist=434.9 grounded=true
[autopilot] pos=(-211.4, 5.6, 5.0) speed=25.6 m/s target=Marble Quarry dist=413.6 grounded=true
[autopilot] pos=(-161.6, 5.7, 19.7) speed=5.8 m/s target=Marble Quarry dist=420.5 grounded=true
[autopilot] pos=(-163.4, 5.3, 1.2) speed=11.4 m/s target=Marble Quarry dist=402.2 grounded=true
[autopilot] pos=(-125.8, 15.8, -34.2) speed=24.9 m/s target=Marble Quarry dist=364.9 grounded=true
[autopilot] pos=(-85.9, 14.0, -101.9) speed=23.8 m/s target=Marble Quarry dist=299.4 grounded=true
[autopilot] pos=(-103.3, 15.3, -112.4) speed=8.9 m/s target=Marble Quarry dist=287.3 grounded=true
[autopilot] pos=(-89.1, 14.5, -116.4) speed=9.0 m/s target=Marble Quarry dist=284.6 grounded=true
[autopilot] pos=(-116.8, 19.9, -126.1) speed=16.0 m/s target=Marble Quarry dist=273.0 grounded=true
[autopilot] pos=(-156.9, 33.8, -174.0) speed=25.5 m/s target=Marble Quarry dist=227.5 grounded=true
[autopilot] pos=(-180.4, 32.9, -211.8) speed=9.0 m/s target=Marble Quarry dist=195.8 grounded=true
[autopilot] pos=(-164.3, 33.7, -194.7) speed=9.0 m/s target=Marble Quarry dist=208.5 grounded=true
[autopilot] pos=(-171.8, 31.3, -219.2) speed=15.6 m/s target=Marble Quarry dist=186.3 grounded=true
[autopilot] pos=(-152.9, 17.4, -286.1) speed=27.2 m/s target=Marble Quarry dist=116.8 grounded=true
[autopilot] pos=(-115.6, 14.2, -348.1) speed=24.8 m/s target=Marble Quarry dist=51.4 grounded=false
[autopilot] pos=(-113.6, 25.4, -385.7) speed=5.3 m/s target=Marble Quarry dist=16.3 grounded=true
[game] DELIVERY COMPLETED #8 at t=427.1 (odometer 5674 m)
[autopilot] pos=(-120.8, 25.4, -395.8) speed=-0.0 m/s target=Marble Quarry dist=3.9 grounded=true
[game] package collected at t=430.1
[autopilot] pos=(-120.8, 25.4, -395.8) speed=0.0 m/s target=San Telmo Monastery dist=191.7 grounded=true
[autopilot] pos=(-152.8, 29.4, -408.6) speed=15.0 m/s target=San Telmo Monastery dist=157.3 grounded=false
[autopilot] pos=(-209.4, 42.7, -415.1) speed=25.6 m/s target=San Telmo Monastery dist=102.9 grounded=false
[autopilot] pos=(-285.5, 58.2, -431.6) speed=27.0 m/s target=San Telmo Monastery dist=35.5 grounded=true
[autopilot] pos=(-340.5, 60.1, -446.5) speed=6.0 m/s target=San Telmo Monastery dist=44.1 grounded=true
[autopilot] pos=(-317.0, 60.9, -439.0) speed=13.4 m/s target=San Telmo Monastery dist=30.2 grounded=true
[autopilot] pos=(-308.5, 62.5, -447.6) speed=2.6 m/s target=San Telmo Monastery dist=18.5 grounded=true
[autopilot] pos=(-308.5, 62.5, -447.6) speed=2.7 m/s target=San Telmo Monastery dist=18.5 grounded=true
[autopilot] pos=(-308.5, 62.5, -447.6) speed=2.7 m/s target=San Telmo Monastery dist=18.5 grounded=true
[autopilot] pos=(-308.5, 62.5, -447.6) speed=2.7 m/s target=San Telmo Monastery dist=18.5 grounded=true
[autopilot] wedged at (-308.4786, 62.47889, -447.5654) -> reset to road
[autopilot] pos=(-309.5, 63.1, -453.2) speed=6.8 m/s target=San Telmo Monastery dist=14.4 grounded=true
[game] DELIVERY COMPLETED #9 at t=462.9 (odometer 6007 m)
[autopilot] pos=(-302.7, 63.1, -461.2) speed=-0.0 m/s target=San Telmo Monastery dist=3.9 grounded=true
[game] package collected at t=465.9
[autopilot] pos=(-302.5, 63.1, -461.3) speed=1.2 m/s target=Villa Rosa Office dist=457.6 grounded=true
[autopilot] pos=(-304.7, 63.1, -455.2) speed=8.7 m/s target=Villa Rosa Office dist=451.4 grounded=true
[autopilot] pos=(-334.2, 48.3, -403.8) speed=27.6 m/s target=Villa Rosa Office dist=400.3 grounded=true
[autopilot] pos=(-317.7, 28.7, -330.5) speed=27.8 m/s target=Villa Rosa Office dist=326.6 grounded=true
[autopilot] pos=(-310.0, 36.0, -306.8) speed=14.3 m/s target=Villa Rosa Office dist=302.9 grounded=true
[autopilot] pos=(-274.0, 41.3, -291.1) speed=17.7 m/s target=Villa Rosa Office dist=290.1 grounded=true
[autopilot] pos=(-253.8, 38.8, -257.6) speed=12.4 m/s target=Villa Rosa Office dist=260.9 grounded=true
[autopilot] pos=(-204.1, 36.6, -215.1) speed=27.0 m/s target=Villa Rosa Office dist=238.4 grounded=true
[autopilot] pos=(-144.7, 32.6, -160.7) speed=27.0 m/s target=Villa Rosa Office dist=231.3 grounded=true
[autopilot] pos=(-121.9, 23.0, -135.4) speed=7.3 m/s target=Villa Rosa Office dist=233.4 grounded=true
[autopilot] pos=(-82.0, 14.1, -92.4) speed=22.1 m/s target=Villa Rosa Office dist=249.0 grounded=true
[autopilot] pos=(-93.9, 15.3, -77.6) speed=9.1 m/s target=Villa Rosa Office dist=232.8 grounded=true
[autopilot] pos=(-104.1, 14.6, -94.7) speed=9.0 m/s target=Villa Rosa Office dist=229.4 grounded=true
[autopilot] pos=(-97.5, 15.4, -77.4) speed=9.5 m/s target=Villa Rosa Office dist=229.3 grounded=true
[autopilot] pos=(-125.8, 15.7, -31.8) speed=27.0 m/s target=Villa Rosa Office dist=191.0 grounded=true
[autopilot] pos=(-181.2, 6.1, 25.5) speed=21.8 m/s target=Villa Rosa Office dist=136.7 grounded=true
[autopilot] pos=(-189.4, 5.8, 16.5) speed=8.8 m/s target=Villa Rosa Office dist=127.0 grounded=true
[autopilot] pos=(-241.1, 4.9, -0.4) speed=27.0 m/s target=Villa Rosa Office dist=73.7 grounded=true
[autopilot] pos=(-305.7, 4.9, 3.8) speed=6.3 m/s target=Villa Rosa Office dist=11.8 grounded=true
[game] DELIVERY COMPLETED #10 at t=522.6 (odometer 6889 m)
AUTOTEST PASS: 10 deliveries in 522.6s, avg fps 1140.1
WARNING: 1 ObjectDB instance was leaked at exit (run with `--verbose` for details).
   at: cleanup (core/object/object.cpp:2535)
